<?xml version="1.0" encoding="UTF-8"?>
<testsuites name="jest tests" tests="8" failures="0" errors="0" time="1.163">
  <testsuite name="undefined" errors="0" failures="0" skipped="0" timestamp="2023-11-30T19:03:08" time="0.957" tests="4">
    <testcase classname=" Test case 1: Testing when temperatures is empty" name=" Test case 1: Testing when temperatures is empty" time="0.003">
    </testcase>
    <testcase classname=" Test case 2: Testing when temperatures contains only non-number values" name=" Test case 2: Testing when temperatures contains only non-number values" time="0">
    </testcase>
    <testcase classname=" Test case 3: Testing when temperatures contains only one value" name=" Test case 3: Testing when temperatures contains only one value" time="0">
    </testcase>
    <testcase classname=" Test case 4: Testing when temperatures contains multiple values and errors" name=" Test case 4: Testing when temperatures contains multiple values and errors" time="0.001">
    </testcase>
  </testsuite>
  <testsuite name="undefined" errors="0" failures="0" skipped="0" timestamp="2023-11-30T19:03:09" time="0.101" tests="4">
    <testcase classname=" Test case 1: Testing when temperatures is empty" name=" Test case 1: Testing when temperatures is empty" time="0.001">
    </testcase>
    <testcase classname=" Test case 2: Testing when temperatures contains only non-number values" name=" Test case 2: Testing when temperatures contains only non-number values" time="0">
    </testcase>
    <testcase classname=" Test case 3: Testing when temperatures contains only one value" name=" Test case 3: Testing when temperatures contains only one value" time="0">
    </testcase>
    <testcase classname=" Test case 4: Testing when temperatures contains multiple values and errors" name=" Test case 4: Testing when temperatures contains multiple values and errors" time="0">
    </testcase>
  </testsuite>
</testsuites>